src/modules/catalogos/catalogos.routes.ts(24,26): error TS2353: Object literal may only specify known properties, and 'activa' does not exist in type 'CategoriaWhereInput'.
src/modules/catalogos/catalogos.routes.ts(44,47): error TS2339: Property 'role' does not exist on type 'PrismaClient<PrismaClientOptions, never, DefaultArgs>'.
src/modules/pedidos/pedidos.routes.ts(35,55): error TS2551: Property 'transaccion' does not exist on type 'PrismaClient<PrismaClientOptions, never, DefaultArgs>'. Did you mean '$transaction'?
src/modules/pedidos/pedidos.routes.ts(52,42): error TS7006: Parameter 't' implicitly has an 'any' type.
src/modules/pedidos/pedidos.routes.ts(87,26): error TS2339: Property 'estado' does not exist on type '{ id: number; activo: boolean; descripcion: string; titulo: string; categoriaId: number; precio: Decimal; tiempoEntrega: string | null; imagenPortada: string | null; contactoWhatsapp: string | null; contactoEmail: string | null; contactoTelefono: string | null; fechaPublicacion: Date; usuarioId: number; }'.
src/modules/pedidos/pedidos.routes.ts(88,26): error TS2339: Property 'estudianteId' does not exist on type '{ id: number; activo: boolean; descripcion: string; titulo: string; categoriaId: number; precio: Decimal; tiempoEntrega: string | null; imagenPortada: string | null; contactoWhatsapp: string | null; contactoEmail: string | null; contactoTelefono: string | null; fechaPublicacion: Date; usuarioId: number; }'.
src/modules/pedidos/pedidos.routes.ts(92,41): error TS2339: Property 'precioHora' does not exist on type '{ id: number; activo: boolean; descripcion: string; titulo: string; categoriaId: number; precio: Decimal; tiempoEntrega: string | null; imagenPortada: string | null; contactoWhatsapp: string | null; contactoEmail: string | null; contactoTelefono: string | null; fechaPublicacion: Date; usuarioId: number; }'.
src/modules/pedidos/pedidos.routes.ts(94,53): error TS2551: Property 'transaccion' does not exist on type 'PrismaClient<PrismaClientOptions, never, DefaultArgs>'. Did you mean '$transaction'?
src/modules/pedidos/pedidos.routes.ts(97,44): error TS2339: Property 'estudianteId' does not exist on type '{ id: number; activo: boolean; descripcion: string; titulo: string; categoriaId: number; precio: Decimal; tiempoEntrega: string | null; imagenPortada: string | null; contactoWhatsapp: string | null; contactoEmail: string | null; contactoTelefono: string | null; fechaPublicacion: Date; usuarioId: number; }'.
src/modules/pedidos/pedidos.routes.ts(146,53): error TS2551: Property 'transaccion' does not exist on type 'PrismaClient<PrismaClientOptions, never, DefaultArgs>'. Did you mean '$transaction'?
src/modules/pedidos/pedidos.routes.ts(167,49): error TS2551: Property 'transaccion' does not exist on type 'PrismaClient<PrismaClientOptions, never, DefaultArgs>'. Did you mean '$transaction'?
src/modules/pedidos/pedidos.routes.ts(209,53): error TS2551: Property 'transaccion' does not exist on type 'PrismaClient<PrismaClientOptions, never, DefaultArgs>'. Did you mean '$transaction'?
src/modules/pedidos/pedidos.routes.ts(223,21): error TS2353: Object literal may only specify known properties, and 'transaccionId' does not exist in type '(Without<ResenaCreateInput, ResenaUncheckedCreateInput> & ResenaUncheckedCreateInput) | (Without<...> & ResenaCreateInput)'.
src/modules/pedidos/pedidos.routes.ts(240,43): error TS2339: Property 'fechaCreacion' does not exist on type '{ id: number; calificacion: number; comentario: string | null; fechaResena: Date; pedidoId: number; }'.
src/modules/pedidos/pedidos.routes.ts(241,44): error TS2551: Property 'fechaRespuesta' does not exist on type '{ id: number; calificacion: number; comentario: string | null; fechaResena: Date; pedidoId: number; }'. Did you mean 'fechaResena'?
src/modules/servicios/servicios.routes.ts(70,25): error TS2353: Object literal may only specify known properties, and 'estudiante' does not exist in type 'ServicioInclude<DefaultArgs>'.
src/modules/servicios/servicios.routes.ts(78,32): error TS2353: Object literal may only specify known properties, and 'fechaCreacion' does not exist in type 'ServicioOrderByWithRelationInput | ServicioOrderByWithRelationInput[]'.
src/modules/servicios/servicios.routes.ts(88,39): error TS2339: Property 'precioHora' does not exist on type '{ id: number; activo: boolean; descripcion: string; titulo: string; categoriaId: number; precio: Decimal; tiempoEntrega: string | null; imagenPortada: string | null; contactoWhatsapp: string | null; contactoEmail: string | null; contactoTelefono: string | null; fechaPublicacion: Date; usuarioId: number; }'.
src/modules/servicios/servicios.routes.ts(89,49): error TS2339: Property 'calificacionPromedio' does not exist on type '{ id: number; activo: boolean; descripcion: string; titulo: string; categoriaId: number; precio: Decimal; tiempoEntrega: string | null; imagenPortada: string | null; contactoWhatsapp: string | null; contactoEmail: string | null; contactoTelefono: string | null; fechaPublicacion: Date; usuarioId: number; }'.
src/modules/servicios/servicios.routes.ts(90,42): error TS2339: Property 'fechaCreacion' does not exist on type '{ id: number; activo: boolean; descripcion: string; titulo: string; categoriaId: number; precio: Decimal; tiempoEntrega: string | null; imagenPortada: string | null; contactoWhatsapp: string | null; contactoEmail: string | null; contactoTelefono: string | null; fechaPublicacion: Date; usuarioId: number; }'.
src/modules/servicios/servicios.routes.ts(91,47): error TS2339: Property 'fechaActualizacion' does not exist on type '{ id: number; activo: boolean; descripcion: string; titulo: string; categoriaId: number; precio: Decimal; tiempoEntrega: string | null; imagenPortada: string | null; contactoWhatsapp: string | null; contactoEmail: string | null; contactoTelefono: string | null; fechaPublicacion: Date; usuarioId: number; }'.
src/modules/servicios/servicios.routes.ts(124,21): error TS2353: Object literal may only specify known properties, and 'estudiante' does not exist in type 'ServicioInclude<DefaultArgs>'.
src/modules/servicios/servicios.routes.ts(140,42): error TS2339: Property 'precioHora' does not exist on type '{ id: number; activo: boolean; descripcion: string; titulo: string; categoriaId: number; precio: Decimal; tiempoEntrega: string | null; imagenPortada: string | null; contactoWhatsapp: string | null; contactoEmail: string | null; contactoTelefono: string | null; fechaPublicacion: Date; usuarioId: number; }'.
src/modules/servicios/servicios.routes.ts(141,52): error TS2339: Property 'calificacionPromedio' does not exist on type '{ id: number; activo: boolean; descripcion: string; titulo: string; categoriaId: number; precio: Decimal; tiempoEntrega: string | null; imagenPortada: string | null; contactoWhatsapp: string | null; contactoEmail: string | null; contactoTelefono: string | null; fechaPublicacion: Date; usuarioId: number; }'.
src/modules/servicios/servicios.routes.ts(142,45): error TS2339: Property 'fechaCreacion' does not exist on type '{ id: number; activo: boolean; descripcion: string; titulo: string; categoriaId: number; precio: Decimal; tiempoEntrega: string | null; imagenPortada: string | null; contactoWhatsapp: string | null; contactoEmail: string | null; contactoTelefono: string | null; fechaPublicacion: Date; usuarioId: number; }'.
src/modules/servicios/servicios.routes.ts(143,50): error TS2339: Property 'fechaActualizacion' does not exist on type '{ id: number; activo: boolean; descripcion: string; titulo: string; categoriaId: number; precio: Decimal; tiempoEntrega: string | null; imagenPortada: string | null; contactoWhatsapp: string | null; contactoEmail: string | null; contactoTelefono: string | null; fechaPublicacion: Date; usuarioId: number; }'.
src/modules/servicios/servicios.routes.ts(171,26): error TS2353: Object literal may only specify known properties, and 'estudianteId' does not exist in type 'ServicioWhereInput'.
src/modules/servicios/servicios.routes.ts(174,21): error TS2353: Object literal may only specify known properties, and 'estudiante' does not exist in type 'ServicioInclude<DefaultArgs>'.
src/modules/servicios/servicios.routes.ts(182,28): error TS2353: Object literal may only specify known properties, and 'fechaCreacion' does not exist in type 'ServicioOrderByWithRelationInput | ServicioOrderByWithRelationInput[]'.
src/modules/servicios/servicios.routes.ts(189,35): error TS2339: Property 'precioHora' does not exist on type '{ id: number; activo: boolean; descripcion: string; titulo: string; categoriaId: number; precio: Decimal; tiempoEntrega: string | null; imagenPortada: string | null; contactoWhatsapp: string | null; contactoEmail: string | null; contactoTelefono: string | null; fechaPublicacion: Date; usuarioId: number; }'.
src/modules/servicios/servicios.routes.ts(190,45): error TS2339: Property 'calificacionPromedio' does not exist on type '{ id: number; activo: boolean; descripcion: string; titulo: string; categoriaId: number; precio: Decimal; tiempoEntrega: string | null; imagenPortada: string | null; contactoWhatsapp: string | null; contactoEmail: string | null; contactoTelefono: string | null; fechaPublicacion: Date; usuarioId: number; }'.
src/modules/servicios/servicios.routes.ts(191,38): error TS2339: Property 'fechaCreacion' does not exist on type '{ id: number; activo: boolean; descripcion: string; titulo: string; categoriaId: number; precio: Decimal; tiempoEntrega: string | null; imagenPortada: string | null; contactoWhatsapp: string | null; contactoEmail: string | null; contactoTelefono: string | null; fechaPublicacion: Date; usuarioId: number; }'.
src/modules/servicios/servicios.routes.ts(192,43): error TS2339: Property 'fechaActualizacion' does not exist on type '{ id: number; activo: boolean; descripcion: string; titulo: string; categoriaId: number; precio: Decimal; tiempoEntrega: string | null; imagenPortada: string | null; contactoWhatsapp: string | null; contactoEmail: string | null; contactoTelefono: string | null; fechaPublicacion: Date; usuarioId: number; }'.
src/modules/servicios/servicios.routes.ts(223,21): error TS2353: Object literal may only specify known properties, and 'estudianteId' does not exist in type 'Without<ServicioCreateInput, ServicioUncheckedCreateInput> & ServicioUncheckedCreateInput'.
src/modules/servicios/servicios.routes.ts(227,21): error TS2353: Object literal may only specify known properties, and 'estudiante' does not exist in type 'ServicioInclude<DefaultArgs>'.
src/modules/servicios/servicios.routes.ts(241,42): error TS2339: Property 'precioHora' does not exist on type '{ id: number; activo: boolean; descripcion: string; titulo: string; categoriaId: number; precio: Decimal; tiempoEntrega: string | null; imagenPortada: string | null; contactoWhatsapp: string | null; contactoEmail: string | null; contactoTelefono: string | null; fechaPublicacion: Date; usuarioId: number; }'.
src/modules/servicios/servicios.routes.ts(242,52): error TS2339: Property 'calificacionPromedio' does not exist on type '{ id: number; activo: boolean; descripcion: string; titulo: string; categoriaId: number; precio: Decimal; tiempoEntrega: string | null; imagenPortada: string | null; contactoWhatsapp: string | null; contactoEmail: string | null; contactoTelefono: string | null; fechaPublicacion: Date; usuarioId: number; }'.
src/modules/servicios/servicios.routes.ts(243,45): error TS2339: Property 'fechaCreacion' does not exist on type '{ id: number; activo: boolean; descripcion: string; titulo: string; categoriaId: number; precio: Decimal; tiempoEntrega: string | null; imagenPortada: string | null; contactoWhatsapp: string | null; contactoEmail: string | null; contactoTelefono: string | null; fechaPublicacion: Date; usuarioId: number; }'.
src/modules/servicios/servicios.routes.ts(244,50): error TS2339: Property 'fechaActualizacion' does not exist on type '{ id: number; activo: boolean; descripcion: string; titulo: string; categoriaId: number; precio: Decimal; tiempoEntrega: string | null; imagenPortada: string | null; contactoWhatsapp: string | null; contactoEmail: string | null; contactoTelefono: string | null; fechaPublicacion: Date; usuarioId: number; }'.
src/modules/servicios/servicios.routes.ts(276,34): error TS2339: Property 'estudianteId' does not exist on type '{ id: number; activo: boolean; descripcion: string; titulo: string; categoriaId: number; precio: Decimal; tiempoEntrega: string | null; imagenPortada: string | null; contactoWhatsapp: string | null; contactoEmail: string | null; contactoTelefono: string | null; fechaPublicacion: Date; usuarioId: number; }'.
src/modules/servicios/servicios.routes.ts(285,21): error TS2353: Object literal may only specify known properties, and 'estudiante' does not exist in type 'ServicioInclude<DefaultArgs>'.
src/modules/servicios/servicios.routes.ts(299,42): error TS2339: Property 'precioHora' does not exist on type '{ id: number; activo: boolean; descripcion: string; titulo: string; categoriaId: number; precio: Decimal; tiempoEntrega: string | null; imagenPortada: string | null; contactoWhatsapp: string | null; contactoEmail: string | null; contactoTelefono: string | null; fechaPublicacion: Date; usuarioId: number; }'.
src/modules/servicios/servicios.routes.ts(300,52): error TS2339: Property 'calificacionPromedio' does not exist on type '{ id: number; activo: boolean; descripcion: string; titulo: string; categoriaId: number; precio: Decimal; tiempoEntrega: string | null; imagenPortada: string | null; contactoWhatsapp: string | null; contactoEmail: string | null; contactoTelefono: string | null; fechaPublicacion: Date; usuarioId: number; }'.
src/modules/servicios/servicios.routes.ts(301,45): error TS2339: Property 'fechaCreacion' does not exist on type '{ id: number; activo: boolean; descripcion: string; titulo: string; categoriaId: number; precio: Decimal; tiempoEntrega: string | null; imagenPortada: string | null; contactoWhatsapp: string | null; contactoEmail: string | null; contactoTelefono: string | null; fechaPublicacion: Date; usuarioId: number; }'.
src/modules/servicios/servicios.routes.ts(302,50): error TS2339: Property 'fechaActualizacion' does not exist on type '{ id: number; activo: boolean; descripcion: string; titulo: string; categoriaId: number; precio: Decimal; tiempoEntrega: string | null; imagenPortada: string | null; contactoWhatsapp: string | null; contactoEmail: string | null; contactoTelefono: string | null; fechaPublicacion: Date; usuarioId: number; }'.
src/modules/servicios/servicios.routes.ts(333,34): error TS2339: Property 'estudianteId' does not exist on type '{ id: number; activo: boolean; descripcion: string; titulo: string; categoriaId: number; precio: Decimal; tiempoEntrega: string | null; imagenPortada: string | null; contactoWhatsapp: string | null; contactoEmail: string | null; contactoTelefono: string | null; fechaPublicacion: Date; usuarioId: number; }'.
src/modules/servicios/servicios.routes.ts(339,25): error TS2353: Object literal may only specify known properties, and 'estado' does not exist in type '(Without<ServicioUpdateInput, ServicioUncheckedUpdateInput> & ServicioUncheckedUpdateInput) | (Without<...> & ServicioUpdateInput)'.
src/modules/users/users.routes.ts(38,19): error TS2559: Type '{ estado?: any; rolId?: number | undefined; }' has no properties in common with type 'UsuarioWhereInput'.
src/modules/users/users.routes.ts(49,25): error TS2353: Object literal may only specify known properties, and 'role' does not exist in type 'UsuarioInclude<DefaultArgs>'.
src/modules/users/users.routes.ts(61,52): error TS2339: Property 'calificacionPromedio' does not exist on type '{ id: number; email: string; activo: boolean; nombre: string; telefono: string | null; fechaRegistro: Date; password: string; apellido: string; rol: Rol; fotoPerfil: string | null; carreraId: number | null; }'.
src/modules/users/users.routes.ts(62,46): error TS2339: Property 'ultimaConexion' does not exist on type '{ id: number; email: string; activo: boolean; nombre: string; telefono: string | null; fechaRegistro: Date; password: string; apellido: string; rol: Rol; fotoPerfil: string | null; carreraId: number | null; }'.
src/modules/users/users.routes.ts(64,36): error TS2551: Property 'role' does not exist on type '{ id: number; email: string; activo: boolean; nombre: string; telefono: string | null; fechaRegistro: Date; password: string; apellido: string; rol: Rol; fotoPerfil: string | null; carreraId: number | null; }'. Did you mean 'rol'?
src/modules/users/users.routes.ts(65,37): error TS2551: Property 'role' does not exist on type '{ id: number; email: string; activo: boolean; nombre: string; telefono: string | null; fechaRegistro: Date; password: string; apellido: string; rol: Rol; fotoPerfil: string | null; carreraId: number | null; }'. Did you mean 'rol'?
src/modules/users/users.routes.ts(66,44): error TS2551: Property 'role' does not exist on type '{ id: number; email: string; activo: boolean; nombre: string; telefono: string | null; fechaRegistro: Date; password: string; apellido: string; rol: Rol; fotoPerfil: string | null; carreraId: number | null; }'. Did you mean 'rol'?
src/modules/users/users.routes.ts(99,21): error TS2353: Object literal may only specify known properties, and 'role' does not exist in type 'UsuarioInclude<DefaultArgs>'.
src/modules/users/users.routes.ts(111,48): error TS2339: Property 'calificacionPromedio' does not exist on type '{ id: number; email: string; activo: boolean; nombre: string; telefono: string | null; fechaRegistro: Date; password: string; apellido: string; rol: Rol; fotoPerfil: string | null; carreraId: number | null; }'.
src/modules/users/users.routes.ts(112,42): error TS2339: Property 'ultimaConexion' does not exist on type '{ id: number; email: string; activo: boolean; nombre: string; telefono: string | null; fechaRegistro: Date; password: string; apellido: string; rol: Rol; fotoPerfil: string | null; carreraId: number | null; }'.
src/modules/users/users.routes.ts(114,32): error TS2551: Property 'role' does not exist on type '{ id: number; email: string; activo: boolean; nombre: string; telefono: string | null; fechaRegistro: Date; password: string; apellido: string; rol: Rol; fotoPerfil: string | null; carreraId: number | null; }'. Did you mean 'rol'?
src/modules/users/users.routes.ts(115,33): error TS2551: Property 'role' does not exist on type '{ id: number; email: string; activo: boolean; nombre: string; telefono: string | null; fechaRegistro: Date; password: string; apellido: string; rol: Rol; fotoPerfil: string | null; carreraId: number | null; }'. Did you mean 'rol'?
src/modules/users/users.routes.ts(116,40): error TS2551: Property 'role' does not exist on type '{ id: number; email: string; activo: boolean; nombre: string; telefono: string | null; fechaRegistro: Date; password: string; apellido: string; rol: Rol; fotoPerfil: string | null; carreraId: number | null; }'. Did you mean 'rol'?
src/modules/users/users.routes.ts(149,17): error TS2353: Object literal may only specify known properties, and 'estado' does not exist in type 'UsuarioUpdateInput'.
src/modules/users/users.routes.ts(156,21): error TS2353: Object literal may only specify known properties, and 'role' does not exist in type 'UsuarioInclude<DefaultArgs>'.
src/modules/users/users.routes.ts(164,48): error TS2339: Property 'calificacionPromedio' does not exist on type '{ id: number; email: string; activo: boolean; nombre: string; telefono: string | null; fechaRegistro: Date; password: string; apellido: string; rol: Rol; fotoPerfil: string | null; carreraId: number | null; }'.
src/modules/users/users.routes.ts(165,42): error TS2339: Property 'ultimaConexion' does not exist on type '{ id: number; email: string; activo: boolean; nombre: string; telefono: string | null; fechaRegistro: Date; password: string; apellido: string; rol: Rol; fotoPerfil: string | null; carreraId: number | null; }'.
src/modules/users/users.routes.ts(167,32): error TS2551: Property 'role' does not exist on type '{ id: number; email: string; activo: boolean; nombre: string; telefono: string | null; fechaRegistro: Date; password: string; apellido: string; rol: Rol; fotoPerfil: string | null; carreraId: number | null; }'. Did you mean 'rol'?
src/modules/users/users.routes.ts(168,33): error TS2551: Property 'role' does not exist on type '{ id: number; email: string; activo: boolean; nombre: string; telefono: string | null; fechaRegistro: Date; password: string; apellido: string; rol: Rol; fotoPerfil: string | null; carreraId: number | null; }'. Did you mean 'rol'?
src/modules/users/users.routes.ts(169,40): error TS2551: Property 'role' does not exist on type '{ id: number; email: string; activo: boolean; nombre: string; telefono: string | null; fechaRegistro: Date; password: string; apellido: string; rol: Rol; fotoPerfil: string | null; carreraId: number | null; }'. Did you mean 'rol'?
src/modules/users/users.routes.ts(198,25): error TS2353: Object literal may only specify known properties, and 'estado' does not exist in type '(Without<UsuarioUpdateInput, UsuarioUncheckedUpdateInput> & UsuarioUncheckedUpdateInput) | (Without<...> & UsuarioUpdateInput)'.
